Archive member included to satisfy reference by file (symbol)

D:/SFSU/Engr478/STM32CubeIDE_2.1.1/STM32CubeIDE/plugins/com.st.stm32cube.ide.mcu.externaltools.gnu-tools-for-stm32.14.3.rel1.win32_1.0.100.202602081740/tools/bin/../lib/gcc/arm-none-eabi/14.3.1/../../../../arm-none-eabi/lib/thumb/v7e-m+fp/hard\libc_nano.a(libc_a-exit.o)
                              D:/SFSU/Engr478/STM32CubeIDE_2.1.1/STM32CubeIDE/plugins/com.st.stm32cube.ide.mcu.externaltools.gnu-tools-for-stm32.14.3.rel1.win32_1.0.100.202602081740/tools/bin/../lib/gcc/arm-none-eabi/14.3.1/../../../../arm-none-eabi/lib/thumb/v7e-m+fp/hard/crt0.o (exit)
D:/SFSU/Engr478/STM32CubeIDE_2.1.1/STM32CubeIDE/plugins/com.st.stm32cube.ide.mcu.externaltools.gnu-tools-for-stm32.14.3.rel1.win32_1.0.100.202602081740/tools/bin/../lib/gcc/arm-none-eabi/14.3.1/../../../../arm-none-eabi/lib/thumb/v7e-m+fp/hard\libc_nano.a(libc_a-findfp.o)
                              D:/SFSU/Engr478/STM32CubeIDE_2.1.1/STM32CubeIDE/plugins/com.st.stm32cube.ide.mcu.externaltools.gnu-tools-for-stm32.14.3.rel1.win32_1.0.100.202602081740/tools/bin/../lib/gcc/arm-none-eabi/14.3.1/../../../../arm-none-eabi/lib/thumb/v7e-m+fp/hard\libc_nano.a(libc_a-exit.o) (__stdio_exit_handler)
D:/SFSU/Engr478/STM32CubeIDE_2.1.1/STM32CubeIDE/plugins/com.st.stm32cube.ide.mcu.externaltools.gnu-tools-for-stm32.14.3.rel1.win32_1.0.100.202602081740/tools/bin/../lib/gcc/arm-none-eabi/14.3.1/../../../../arm-none-eabi/lib/thumb/v7e-m+fp/hard\libc_nano.a(libc_a-fwalk.o)
                              D:/SFSU/Engr478/STM32CubeIDE_2.1.1/STM32CubeIDE/plugins/com.st.stm32cube.ide.mcu.externaltools.gnu-tools-for-stm32.14.3.rel1.win32_1.0.100.202602081740/tools/bin/../lib/gcc/arm-none-eabi/14.3.1/../../../../arm-none-eabi/lib/thumb/v7e-m+fp/hard\libc_nano.a(libc_a-findfp.o) (_fwalk_sglue)
D:/SFSU/Engr478/STM32CubeIDE_2.1.1/STM32CubeIDE/plugins/com.st.stm32cube.ide.mcu.externaltools.gnu-tools-for-stm32.14.3.rel1.win32_1.0.100.202602081740/tools/bin/../lib/gcc/arm-none-eabi/14.3.1/../../../../arm-none-eabi/lib/thumb/v7e-m+fp/hard\libc_nano.a(libc_a-stdio.o)
                              D:/SFSU/Engr478/STM32CubeIDE_2.1.1/STM32CubeIDE/plugins/com.st.stm32cube.ide.mcu.externaltools.gnu-tools-for-stm32.14.3.rel1.win32_1.0.100.202602081740/tools/bin/../lib/gcc/arm-none-eabi/14.3.1/../../../../arm-none-eabi/lib/thumb/v7e-m+fp/hard\libc_nano.a(libc_a-findfp.o) (__sread)
D:/SFSU/Engr478/STM32CubeIDE_2.1.1/STM32CubeIDE/plugins/com.st.stm32cube.ide.mcu.externaltools.gnu-tools-for-stm32.14.3.rel1.win32_1.0.100.202602081740/tools/bin/../lib/gcc/arm-none-eabi/14.3.1/../../../../arm-none-eabi/lib/thumb/v7e-m+fp/hard\libc_nano.a(libc_a-memset.o)
                              D:/SFSU/Engr478/STM32CubeIDE_2.1.1/STM32CubeIDE/plugins/com.st.stm32cube.ide.mcu.externaltools.gnu-tools-for-stm32.14.3.rel1.win32_1.0.100.202602081740/tools/bin/../lib/gcc/arm-none-eabi/14.3.1/../../../../arm-none-eabi/lib/thumb/v7e-m+fp/hard/crt0.o (memset)
D:/SFSU/Engr478/STM32CubeIDE_2.1.1/STM32CubeIDE/plugins/com.st.stm32cube.ide.mcu.externaltools.gnu-tools-for-stm32.14.3.rel1.win32_1.0.100.202602081740/tools/bin/../lib/gcc/arm-none-eabi/14.3.1/../../../../arm-none-eabi/lib/thumb/v7e-m+fp/hard\libc_nano.a(libc_a-closer.o)
                              D:/SFSU/Engr478/STM32CubeIDE_2.1.1/STM32CubeIDE/plugins/com.st.stm32cube.ide.mcu.externaltools.gnu-tools-for-stm32.14.3.rel1.win32_1.0.100.202602081740/tools/bin/../lib/gcc/arm-none-eabi/14.3.1/../../../../arm-none-eabi/lib/thumb/v7e-m+fp/hard\libc_nano.a(libc_a-stdio.o) (_close_r)
D:/SFSU/Engr478/STM32CubeIDE_2.1.1/STM32CubeIDE/plugins/com.st.stm32cube.ide.mcu.externaltools.gnu-tools-for-stm32.14.3.rel1.win32_1.0.100.202602081740/tools/bin/../lib/gcc/arm-none-eabi/14.3.1/../../../../arm-none-eabi/lib/thumb/v7e-m+fp/hard\libc_nano.a(libc_a-reent.o)
                              D:/SFSU/Engr478/STM32CubeIDE_2.1.1/STM32CubeIDE/plugins/com.st.stm32cube.ide.mcu.externaltools.gnu-tools-for-stm32.14.3.rel1.win32_1.0.100.202602081740/tools/bin/../lib/gcc/arm-none-eabi/14.3.1/../../../../arm-none-eabi/lib/thumb/v7e-m+fp/hard\libc_nano.a(libc_a-closer.o) (errno)
D:/SFSU/Engr478/STM32CubeIDE_2.1.1/STM32CubeIDE/plugins/com.st.stm32cube.ide.mcu.externaltools.gnu-tools-for-stm32.14.3.rel1.win32_1.0.100.202602081740/tools/bin/../lib/gcc/arm-none-eabi/14.3.1/../../../../arm-none-eabi/lib/thumb/v7e-m+fp/hard\libc_nano.a(libc_a-impure.o)
                              D:/SFSU/Engr478/STM32CubeIDE_2.1.1/STM32CubeIDE/plugins/com.st.stm32cube.ide.mcu.externaltools.gnu-tools-for-stm32.14.3.rel1.win32_1.0.100.202602081740/tools/bin/../lib/gcc/arm-none-eabi/14.3.1/../../../../arm-none-eabi/lib/thumb/v7e-m+fp/hard\libc_nano.a(libc_a-reent.o) (_impure_ptr)
D:/SFSU/Engr478/STM32CubeIDE_2.1.1/STM32CubeIDE/plugins/com.st.stm32cube.ide.mcu.externaltools.gnu-tools-for-stm32.14.3.rel1.win32_1.0.100.202602081740/tools/bin/../lib/gcc/arm-none-eabi/14.3.1/../../../../arm-none-eabi/lib/thumb/v7e-m+fp/hard\libc_nano.a(libc_a-lseekr.o)
[...]
Memory Configuration

Name             Origin             Length             Attributes
RAM              0x20000000         0x00018000         xrw
SRAM2            0x10000000         0x00008000         xrw
FLASH            0x08000000         0x00100000         xr
*default*        0x00000000         0xffffffff

Linker script and memory map

LOAD D:/SFSU/Engr478/STM32CubeIDE_2.1.1/STM32CubeIDE/plugins/com.st.stm32cube.ide.mcu.externaltools.gnu-tools-for-stm32.14.3.rel1.win32_1.0.100.202602081740/tools/bin/../lib/gcc/arm-none-eabi/14.3.1/thumb/v7e-m+fp/hard/crti.o
LOAD D:/SFSU/Engr478/STM32CubeIDE_2.1.1/STM32CubeIDE/plugins/com.st.stm32cube.ide.mcu.externaltools.gnu-tools-for-stm32.14.3.rel1.win32_1.0.100.202602081740/tools/bin/../lib/gcc/arm-none-eabi/14.3.1/thumb/v7e-m+fp/hard/crtbegin.o
LOAD D:/SFSU/Engr478/STM32CubeIDE_2.1.1/STM32CubeIDE/plugins/com.st.stm32cube.ide.mcu.externaltools.gnu-tools-for-stm32.14.3.rel1.win32_1.0.100.202602081740/tools/bin/../lib/gcc/arm-none-eabi/14.3.1/../../../../arm-none-eabi/lib/thumb/v7e-m+fp/hard/crt0.o
LOAD ./Src/ADC.o
LOAD ./Src/Audio.o
LOAD ./Src/Button.o
LOAD ./Src/Buzzer.o
LOAD ./Src/LED.o
LOAD ./Src/Systick_timer.o
LOAD ./Src/USART.o
LOAD ./Src/main.o
LOAD ./Src/syscalls.o
LOAD ./Startup/startup_stm32l476rgtx.o
START GROUP
LOAD D:/SFSU/Engr478/STM32CubeIDE_2.1.1/STM32CubeIDE/plugins/com.st.stm32cube.ide.mcu.externaltools.gnu-tools-for-stm32.14.3.rel1.win32_1.0.100.202602081740/tools/bin/../lib/gcc/arm-none-eabi/14.3.1/../../../../arm-none-eabi/lib/thumb/v7e-m+fp/hard\libc_nano.a
LOAD D:/SFSU/Engr478/STM32CubeIDE_2.1.1/STM32CubeIDE/plugins/com.st.stm32cube.ide.mcu.externaltools.gnu-tools-for-stm32.14.3.rel1.win32_1.0.100.202602081740/tools/bin/../lib/gcc/arm-none-eabi/14.3.1/../../../../arm-none-eabi/lib/thumb/v7e-m+fp/hard\libm.a
END GROUP
START GROUP
LOAD D:/SFSU/Engr478/STM32CubeIDE_2.1.1/STM32CubeIDE/plugins/com.st.stm32cube.ide.mcu.externaltools.gnu-tools-for-stm32.14.3.rel1.win32_1.0.100.202602081740/tools/bin/../lib/gcc/arm-none-eabi/14.3.1/thumb/v7e-m+fp/hard\libgcc.a
LOAD D:/SFSU/Engr478/STM32CubeIDE_2.1.1/STM32CubeIDE/plugins/com.st.stm32cube.ide.mcu.externaltools.gnu-tools-for-stm32.14.3.rel1.win32_1.0.100.202602081740/tools/bin/../lib/gcc/arm-none-eabi/14.3.1/../../../../arm-none-eabi/lib/thumb/v7e-m+fp/hard\libc_nano.a
END GROUP
START GROUP
LOAD D:/SFSU/Engr478/STM32CubeIDE_2.1.1/STM32CubeIDE/plugins/com.st.stm32cube.ide.mcu.externaltools.gnu-tools-for-stm32.14.3.rel1.win32_1.0.100.202602081740/tools/bin/../lib/gcc/arm-none-eabi/14.3.1/thumb/v7e-m+fp/hard\libgcc.a
LOAD D:/SFSU/Engr478/STM32CubeIDE_2.1.1/STM32CubeIDE/plugins/com.st.stm32cube.ide.mcu.externaltools.gnu-tools-for-stm32.14.3.rel1.win32_1.0.100.202602081740/tools/bin/../lib/gcc/arm-none-eabi/14.3.1/../../../../arm-none-eabi/lib/thumb/v7e-m+fp/hard\libc_nano.a
LOAD D:/SFSU/Engr478/STM32CubeIDE_2.1.1/STM32CubeIDE/plugins/com.st.stm32cube.ide.mcu.externaltools.gnu-tools-for-stm32.14.3.rel1.win32_1.0.100.202602081740/tools/bin/../lib/gcc/arm-none-eabi/14.3.1/../../../../arm-none-eabi/lib/thumb/v7e-m+fp/hard\libnosys.a
END GROUP
START GROUP
LOAD D:/SFSU/Engr478/STM32CubeIDE_2.1.1/STM32CubeIDE/plugins/com.st.stm32cube.ide.mcu.externaltools.gnu-tools-for-stm32.14.3.rel1.win32_1.0.100.202602081740/tools/bin/../lib/gcc/arm-none-eabi/14.3.1/thumb/v7e-m+fp/hard\libgcc.a
LOAD D:/SFSU/Engr478/STM32CubeIDE_2.1.1/STM32CubeIDE/plugins/com.st.stm32cube.ide.mcu.externaltools.gnu-tools-for-stm32.14.3.rel1.win32_1.0.100.202602081740/tools/bin/../lib/gcc/arm-none-eabi/14.3.1/../../../../arm-none-eabi/lib/thumb/v7e-m+fp/hard\libc_nano.a
LOAD D:/SFSU/Engr478/STM32CubeIDE_2.1.1/STM32CubeIDE/plugins/com.st.stm32cube.ide.mcu.externaltools.gnu-tools-for-stm32.14.3.rel1.win32_1.0.100.202602081740/tools/bin/../lib/gcc/arm-none-eabi/14.3.1/../../../../arm-none-eabi/lib/thumb/v7e-m+fp/hard\libnosys.a
END GROUP
LOAD D:/SFSU/Engr478/STM32CubeIDE_2.1.1/STM32CubeIDE/plugins/com.st.stm32cube.ide.mcu.externaltools.gnu-tools-for-stm32.14.3.rel1.win32_1.0.100.202602081740/tools/bin/../lib/gcc/arm-none-eabi/14.3.1/thumb/v7e-m+fp/hard/crtend.o
LOAD D:/SFSU/Engr478/STM32CubeIDE_2.1.1/STM32CubeIDE/plugins/com.st.stm32cube.ide.mcu.externaltools.gnu-tools-for-stm32.14.3.rel1.win32_1.0.100.202602081740/tools/bin/../lib/gcc/arm-none-eabi/14.3.1/thumb/v7e-m+fp/hard/crtn.o
                0x20018000                        _estack = (ORIGIN (RAM) + LENGTH (RAM))
                0x00000200                        _Min_Heap_Size = 0x200
                0x00000400                        _Min_Stack_Size = 0x400

.isr_vector     0x08000000      0x18c
                0x08000000                        . = ALIGN (0x4)
 *(.isr_vector)
 .isr_vector    0x08000000      0x18c ./Startup/startup_stm32l476rgtx.o
                0x08000000                g_pfnVectors
                0x0800018c                        . = ALIGN (0x4)

.text           0x0800018c      0x8c0
                0x0800018c                        . = ALIGN (0x4)
 *(.text)
 .text          0x0800018c       0x40 D:/SFSU/Engr478/STM32CubeIDE_2.1.1/STM32CubeIDE/plugins/com.st.stm32cube.ide.mcu.externaltools.gnu-tools-for-stm32.14.3.rel1.win32_1.0.100.202602081740/tools/bin/../lib/gcc/arm-none-eabi/14.3.1/thumb/v7e-m+fp/hard/crtbegin.o
 *(.text*)
 .text.ADC_Pin_Init
                0x080001cc       0x66 ./Src/ADC.o
                0x080001cc                ADC_Pin_Init
 .text.ADC_Init
                0x08000232      0x13e ./Src/ADC.o
                0x08000232                ADC_Init
 .text.ADC_Read_Channel
                0x08000370       0x94 ./Src/ADC.o
                0x08000370                ADC_Read_Channel
 .text.ADC_Read_Channel_Stable
                0x08000404       0x38 ./Src/ADC.o
                0x08000404                ADC_Read_Channel_Stable
 .text.Audio_Init
                0x0800043c       0x76 ./Src/Audio.o
                0x0800043c                Audio_Init
 .text.Buzzer_Init
                0x080004b2       0x76 ./Src/Buzzer.o
                0x080004b2                Buzzer_Init
 .text.LED_Init
                0x08000528       0x66 ./Src/LED.o
                0x08000528                LED_Init
 .text.turn_off_LED
                0x0800058e       0x1e ./Src/LED.o
                0x0800058e                turn_off_LED
 .text.turn_on_LED
                0x080005ac       0x1e ./Src/LED.o
                0x080005ac                turn_on_LED
 .text.SysTick_Init
                0x080005ca       0x7c ./Src/Systick_timer.o
                0x080005ca                SysTick_Init
 .text.SysTick_Handler
                0x08000646       0x24 ./Src/Systick_timer.o
                0x08000646                SysTick_Handler
 .text.delay_ms
                0x0800066a       0x38 ./Src/Systick_timer.o
                0x0800066a                delay_ms
 .text.Button_PC13_Init
                0x080006a2       0x6e ./Src/main.o
                0x080006a2                Button_PC13_Init
 .text.Button_PC13_Pressed
                0x08000710       0x26 ./Src/main.o
                0x08000710                Button_PC13_Pressed
 .text.delay_us
                0x08000736       0x2e ./Src/main.o
 .text.Check_Button
                0x08000764       0x50 ./Src/main.o
                0x08000764                Check_Button
 .text.Play_Note
                0x080007b4       0xe4 ./Src/main.o
                0x080007b4                Play_Note
 .text.Play_March
                0x08000898       0x7c ./Src/main.o
                0x08000898                Play_March
 .text.main     0x08000914       0x84 ./Src/main.o
                0x08000914                main
 .text.Reset_Handler
                0x08000998       0x50 ./Startup/startup_stm32l476rgtx.o
                0x08000998                Reset_Handler
 .text.Default_Handler
                0x080009e8        0x2 ./Startup/startup_stm32l476rgtx.o
                0x080009e8                EXTI2_IRQHandler
                0x080009e8                TIM8_TRG_COM_IRQHandler
                0x080009e8                TIM8_CC_IRQHandler
                0x080009e8                DebugMon_Handler
                0x080009e8                DMA1_CH4_IRQHandler
                0x080009e8                TIM1_CC_IRQHandler
                0x080009e8                TSC_IRQHandler
                0x080009e8                HardFault_Handler
                0x080009e8                TAMP_STAMP_IRQHandler
                0x080009e8                PendSV_Handler
                0x080009e8                NMI_Handler
                0x080009e8                EXTI3_IRQHandler
                0x080009e8                LPTIM2_IRQHandler
                0x080009e8                DFSDM1_FLT1_IRQHandler
                0x080009e8                I2C3_ER_IRQHandler
                0x080009e8                DFSDM1_FLT2_IRQHandler
                0x080009e8                TIM6_DACUNDER_IRQHandler
                0x080009e8                EXTI0_IRQHandler
                0x080009e8                I2C2_EV_IRQHandler
                0x080009e8                DMA2_CH1_IRQHandler
                0x080009e8                CAN1_RX0_IRQHandler
                0x080009e8                FPU_IRQHandler
                0x080009e8                TIM1_UP_TIM16_IRQHandler
                0x080009e8                DMA2_CH7_IRQHandler
                0x080009e8                UsageFault_Handler
                0x080009e8                ADC1_2_IRQHandler
                0x080009e8                SPI1_IRQHandler
                0x080009e8                DMA1_CH7_IRQHandler
                0x080009e8                TIM8_UP_IRQHandler
                0x080009e8                RTC_ALARM_IRQHandler
                0x080009e8                SAI2_IRQHandler
                0x080009e8                DFSDM1_FLT3_IRQHandler
                0x080009e8                DMA1_CH6_IRQHandler
                0x080009e8                USART3_IRQHandler
                0x080009e8                CAN1_RX1_IRQHandler
                0x080009e8                LCD_IRQHandler
                0x080009e8                UART5_IRQHandler
                0x080009e8                ADC3_IRQHandler
                0x080009e8                TIM4_IRQHandler
                0x080009e8                QUADSPI_IRQHandler
                0x080009e8                I2C1_EV_IRQHandler
                0x080009e8                DMA2_CH5_IRQHandler
                0x080009e8                UART4_IRQHandler
                0x080009e8                DMA1_CH3_IRQHandler
                0x080009e8                TIM3_IRQHandler
                0x080009e8                RCC_IRQHandler
                0x080009e8                Default_Handler
                0x080009e8                EXTI15_10_IRQHandler
                0x080009e8                TIM7_IRQHandler
                0x080009e8                SDMMC1_IRQHandler
                0x080009e8                TIM5_IRQHandler
                0x080009e8                I2C3_EV_IRQHandler
                0x080009e8                EXTI9_5_IRQHandler
                0x080009e8                DMA1_CH2_IRQHandler
                0x080009e8                RTC_WKUP_IRQHandler
                0x080009e8                PVD_PVM_IRQHandler
                0x080009e8                SPI2_IRQHandler
                0x080009e8                DMA1_CH1_IRQHandler
                0x080009e8                MemManage_Handler
                0x080009e8                CAN1_TX_IRQHandler
                0x080009e8                SVC_Handler
                0x080009e8                CRS_IRQHandler
                0x080009e8                EXTI4_IRQHandler
                0x080009e8                RNG_IRQHandler
                0x080009e8                TIM1_TRG_COM_TIM17_IRQHandler
                0x080009e8                COMP_IRQHandler
                0x080009e8                WWDG_IRQHandler
                0x080009e8                LPUART1_IRQHandler
                0x080009e8                TIM2_IRQHandler
                0x080009e8                EXTI1_IRQHandler
                0x080009e8                USART2_IRQHandler
                0x080009e8                DFSDM1_FLT0_IRQHandler
                0x080009e8                I2C2_ER_IRQHandler
                0x080009e8                TIM8_BRK_IRQHandler
                0x080009e8                CAN1_SCE_IRQHandler
                0x080009e8                FLASH_IRQHandler
                0x080009e8                BusFault_Handler
                0x080009e8                USART1_IRQHandler
                0x080009e8                OTG_FS_IRQHandler
                0x080009e8                SPI3_IRQHandler
                0x080009e8                DMA2_CH6_IRQHandler
                0x080009e8                DMA2_CH3_IRQHandler
                0x080009e8                DMA2_CH2_IRQHandler
                0x080009e8                I2C1_ER_IRQHandler
                0x080009e8                FMC_IRQHandler
                0x080009e8                DMA1_CH5_IRQHandler
                0x080009e8                DMA2_CH4_IRQHandler
                0x080009e8                SWPMI1_IRQHandler
                0x080009e8                LPTIM1_IRQHandler
                0x080009e8                SAI1_IRQHandler
                0x080009e8                TIM1_BRK_TIM15_IRQHandler
 *fill*         0x080009ea        0x2 
 .text.__libc_init_array
                0x080009ec       0x48 D:/SFSU/Engr478/STM32CubeIDE_2.1.1/STM32CubeIDE/plugins/com.st.stm32cube.ide.mcu.externaltools.gnu-tools-for-stm32.14.3.rel1.win32_1.0.100.202602081740/tools/bin/../lib/gcc/arm-none-eabi/14.3.1/../../../../arm-none-eabi/lib/thumb/v7e-m+fp/hard\libc_nano.a(libc_a-init.o)
                0x080009ec                __libc_init_array
 *(.glue_7)
 .glue_7        0x08000a34        0x0 linker stubs
 *(.glue_7t)
 .glue_7t       0x08000a34        0x0 linker stubs
 *(.eh_frame)
 .eh_frame      0x08000a34        0x0 D:/SFSU/Engr478/STM32CubeIDE_2.1.1/STM32CubeIDE/plugins/com.st.stm32cube.ide.mcu.externaltools.gnu-tools-for-stm32.14.3.rel1.win32_1.0.100.202602081740/tools/bin/../lib/gcc/arm-none-eabi/14.3.1/thumb/v7e-m+fp/hard/crtbegin.o
 *(.init)
 .init          0x08000a34        0x4 D:/SFSU/Engr478/STM32CubeIDE_2.1.1/STM32CubeIDE/plugins/com.st.stm32cube.ide.mcu.externaltools.gnu-tools-for-stm32.14.3.rel1.win32_1.0.100.202602081740/tools/bin/../lib/gcc/arm-none-eabi/14.3.1/thumb/v7e-m+fp/hard/crti.o
                0x08000a34                _init
 .init          0x08000a38        0x8 D:/SFSU/Engr478/STM32CubeIDE_2.1.1/STM32CubeIDE/plugins/com.st.stm32cube.ide.mcu.externaltools.gnu-tools-for-stm32.14.3.rel1.win32_1.0.100.202602081740/tools/bin/../lib/gcc/arm-none-eabi/14.3.1/thumb/v7e-m+fp/hard/crtn.o
 *(.fini)
 .fini          0x08000a40        0x4 D:/SFSU/Engr478/STM32CubeIDE_2.1.1/STM32CubeIDE/plugins/com.st.stm32cube.ide.mcu.externaltools.gnu-tools-for-stm32.14.3.rel1.win32_1.0.100.202602081740/tools/bin/../lib/gcc/arm-none-eabi/14.3.1/thumb/v7e-m+fp/hard/crti.o
                0x08000a40                _fini
 .fini          0x08000a44        0x8 D:/SFSU/Engr478/STM32CubeIDE_2.1.1/STM32CubeIDE/plugins/com.st.stm32cube.ide.mcu.externaltools.gnu-tools-for-stm32.14.3.rel1.win32_1.0.100.202602081740/tools/bin/../lib/gcc/arm-none-eabi/14.3.1/thumb/v7e-m+fp/hard/crtn.o
                0x08000a4c                        . = ALIGN (0x4)
                0x08000a4c                        _etext = .

.vfp11_veneer   0x08000a4c        0x0
 .vfp11_veneer  0x08000a4c        0x0 linker stubs

.v4_bx          0x08000a4c        0x0
 .v4_bx         0x08000a4c        0x0 linker stubs

.iplt           0x08000a4c        0x0
 .iplt          0x08000a4c        0x0 D:/SFSU/Engr478/STM32CubeIDE_2.1.1/STM32CubeIDE/plugins/com.st.stm32cube.ide.mcu.externaltools.gnu-tools-for-stm32.14.3.rel1.win32_1.0.100.202602081740/tools/bin/../lib/gcc/arm-none-eabi/14.3.1/thumb/v7e-m+fp/hard/crtbegin.o

.rodata         0x08000a4c        0x0
                0x08000a4c                        . = ALIGN (0x4)
 *(.rodata)
 *(.rodata*)
                0x08000a4c                        . = ALIGN (0x4)

.ARM.extab      0x08000a4c        0x0
                0x08000a4c                        . = ALIGN (0x4)
 *(.ARM.extab* .gnu.linkonce.armextab.*)
                0x08000a4c                        . = ALIGN (0x4)

.ARM            0x08000a4c        0x0
                0x08000a4c                        . = ALIGN (0x4)
                0x08000a4c                        __exidx_start = .
 *(.ARM.exidx*)
                0x08000a4c                        __exidx_end = .
                0x08000a4c                        . = ALIGN (0x4)

.preinit_array  0x08000a4c        0x0
                0x08000a4c                        . = ALIGN (0x4)
                0x08000a4c                        PROVIDE (__preinit_array_start = .)
 *(.preinit_array*)
                0x08000a4c                        PROVIDE (__preinit_array_end = .)
                0x08000a4c                        . = ALIGN (0x4)

.init_array     0x08000a4c        0x4
                0x08000a4c                        . = ALIGN (0x4)
                0x08000a4c                        PROVIDE (__init_array_start = .)
 *(SORT_BY_NAME(.init_array.*))
 *(.init_array*)
 .init_array    0x08000a4c        0x4 D:/SFSU/Engr478/STM32CubeIDE_2.1.1/STM32CubeIDE/plugins/com.st.stm32cube.ide.mcu.externaltools.gnu-tools-for-stm32.14.3.rel1.win32_1.0.100.202602081740/tools/bin/../lib/gcc/arm-none-eabi/14.3.1/thumb/v7e-m+fp/hard/crtbegin.o
                0x08000a50                        PROVIDE (__init_array_end = .)
                0x08000a50                        . = ALIGN (0x4)

.fini_array     0x08000a50        0x4
                0x08000a50                        . = ALIGN (0x4)
                [!provide]                        PROVIDE (__fini_array_start = .)
 *(SORT_BY_NAME(.fini_array.*))
 *(.fini_array*)
 .fini_array    0x08000a50        0x4 D:/SFSU/Engr478/STM32CubeIDE_2.1.1/STM32CubeIDE/plugins/com.st.stm32cube.ide.mcu.externaltools.gnu-tools-for-stm32.14.3.rel1.win32_1.0.100.202602081740/tools/bin/../lib/gcc/arm-none-eabi/14.3.1/thumb/v7e-m+fp/hard/crtbegin.o
                [!provide]                        PROVIDE (__fini_array_end = .)
                0x08000a54                        . = ALIGN (0x4)
                0x08000a54                        _sidata = LOADADDR (.data)

.rel.dyn        0x08000a54        0x0
 .rel.iplt      0x08000a54        0x0 D:/SFSU/Engr478/STM32CubeIDE_2.1.1/STM32CubeIDE/plugins/com.st.stm32cube.ide.mcu.externaltools.gnu-tools-for-stm32.14.3.rel1.win32_1.0.100.202602081740/tools/bin/../lib/gcc/arm-none-eabi/14.3.1/thumb/v7e-m+fp/hard/crtbegin.o

.data           0x20000000        0x4 load address 0x08000a54
                0x20000000                        . = ALIGN (0x4)
                0x20000000                        _sdata = .
 *(.data)
 *(.data*)
 .data.music_enable
                0x20000000        0x1 ./Src/main.o
                0x20000000                music_enable
 *(.RamFunc)
 *(.RamFunc*)
                0x20000004                        . = ALIGN (0x4)
 *fill*         0x20000001        0x3 
                0x20000004                        _edata = .
                0x08000a58                        _sisram2 = LOADADDR (.sram2)

.igot.plt       0x20000004        0x0 load address 0x08000a58
 .igot.plt      0x20000004        0x0 D:/SFSU/Engr478/STM32CubeIDE_2.1.1/STM32CubeIDE/plugins/com.st.stm32cube.ide.mcu.externaltools.gnu-tools-for-stm32.14.3.rel1.win32_1.0.100.202602081740/tools/bin/../lib/gcc/arm-none-eabi/14.3.1/thumb/v7e-m+fp/hard/crtbegin.o

.sram2          0x10000000        0x0 load address 0x08000a58
                0x10000000                        . = ALIGN (0x4)
                0x10000000                        _ssram2 = .
 *(.sram2)
 *(.sram2*)
                0x10000000                        . = ALIGN (0x4)
                0x10000000                        _esram2 = .
                0x10000000                        . = ALIGN (0x4)

.bss            0x20000004       0x20
                0x20000004                        _sbss = .
                0x20000004                        __bss_start__ = _sbss
 *(.bss)
 .bss           0x20000004       0x1c D:/SFSU/Engr478/STM32CubeIDE_2.1.1/STM32CubeIDE/plugins/com.st.stm32cube.ide.mcu.externaltools.gnu-tools-for-stm32.14.3.rel1.win32_1.0.100.202602081740/tools/bin/../lib/gcc/arm-none-eabi/14.3.1/thumb/v7e-m+fp/hard/crtbegin.o
 *(.bss*)
 .bss.msTicks   0x20000020        0x4 ./Src/Systick_timer.o
                0x20000020                msTicks
 *(COMMON)
                0x20000024                        . = ALIGN (0x4)
                0x20000024                        _ebss = .
                0x20000024                        __bss_end__ = _ebss

._user_heap_stack
                0x20000024      0x604
                0x20000028                        . = ALIGN (0x8)
 *fill*         0x20000024        0x4 
                0x20000028                        PROVIDE (end = .)
                [!provide]                        PROVIDE (_end = .)
                0x20000228                        . = (. + _Min_Heap_Size)
 *fill*         0x20000028      0x200 
                0x20000628                        . = (. + _Min_Stack_Size)
 *fill*         0x20000228      0x400 
                0x20000628                        . = ALIGN (0x8)

/DISCARD/
 libc.a(*)
 libm.a(*)
 libgcc.a(*)

.ARM.attributes
                0x00000000       0x30
 *(.ARM.attributes)
 .ARM.attributes
                0x00000000       0x22 D:/SFSU/Engr478/STM32CubeIDE_2.1.1/STM32CubeIDE/plugins/com.st.stm32cube.ide.mcu.externaltools.gnu-tools-for-stm32.14.3.rel1.win32_1.0.100.202602081740/tools/bin/../lib/gcc/arm-none-eabi/14.3.1/thumb/v7e-m+fp/hard/crti.o
 .ARM.attributes
                0x00000022       0x34 D:/SFSU/Engr478/STM32CubeIDE_2.1.1/STM32CubeIDE/plugins/com.st.stm32cube.ide.mcu.externaltools.gnu-tools-for-stm32.14.3.rel1.win32_1.0.100.202602081740/tools/bin/../lib/gcc/arm-none-eabi/14.3.1/thumb/v7e-m+fp/hard/crtbegin.o
 .ARM.attributes
                0x00000056       0x34 ./Src/ADC.o
 .ARM.attributes
                0x0000008a       0x34 ./Src/Audio.o
 .ARM.attributes
                0x000000be       0x34 ./Src/Buzzer.o
 .ARM.attributes
                0x000000f2       0x34 ./Src/LED.o
 .ARM.attributes
                0x00000126       0x34 ./Src/Systick_timer.o
 .ARM.attributes
                0x0000015a       0x34 ./Src/main.o
 .ARM.attributes
                0x0000018e       0x21 ./Startup/startup_stm32l476rgtx.o
 .ARM.attributes
                0x000001af       0x34 D:/SFSU/Engr478/STM32CubeIDE_2.1.1/STM32CubeIDE/plugins/com.st.stm32cube.ide.mcu.externaltools.gnu-tools-for-stm32.14.3.rel1.win32_1.0.100.202602081740/tools/bin/../lib/gcc/arm-none-eabi/14.3.1/../../../../arm-none-eabi/lib/thumb/v7e-m+fp/hard\libc_nano.a(libc_a-init.o)
 .ARM.attributes
                0x000001e3       0x22 D:/SFSU/Engr478/STM32CubeIDE_2.1.1/STM32CubeIDE/plugins/com.st.stm32cube.ide.mcu.externaltools.gnu-tools-for-stm32.14.3.rel1.win32_1.0.100.202602081740/tools/bin/../lib/gcc/arm-none-eabi/14.3.1/thumb/v7e-m+fp/hard/crtn.o
OUTPUT(CtrlBrain-Stm32-Darkness-project.elf elf32-littlearm)
LOAD linker stubs
LOAD D:/SFSU/Engr478/STM32CubeIDE_2.1.1/STM32CubeIDE/plugins/com.st.stm32cube.ide.mcu.externaltools.gnu-tools-for-stm32.14.3.rel1.win32_1.0.100.202602081740/tools/bin/../lib/gcc/arm-none-eabi/14.3.1/../../../../arm-none-eabi/lib/thumb/v7e-m+fp/hard\libc.a
LOAD D:/SFSU/Engr478/STM32CubeIDE_2.1.1/STM32CubeIDE/plugins/com.st.stm32cube.ide.mcu.externaltools.gnu-tools-for-stm32.14.3.rel1.win32_1.0.100.202602081740/tools/bin/../lib/gcc/arm-none-eabi/14.3.1/../../../../arm-none-eabi/lib/thumb/v7e-m+fp/hard\libm.a
LOAD D:/SFSU/Engr478/STM32CubeIDE_2.1.1/STM32CubeIDE/plugins/com.st.stm32cube.ide.mcu.externaltools.gnu-tools-for-stm32.14.3.rel1.win32_1.0.100.202602081740/tools/bin/../lib/gcc/arm-none-eabi/14.3.1/thumb/v7e-m+fp/hard\libgcc.a

.debug_info     0x00000000     0x1793
 .debug_info    0x00000000      0x5ea ./Src/ADC.o
 .debug_info    0x000005ea      0x419 ./Src/Audio.o
 .debug_info    0x00000a03      0x3e9 ./Src/Buzzer.o
 .debug_info    0x00000dec      0x356 ./Src/LED.o
 .debug_info    0x00001142      0x14b ./Src/Systick_timer.o
 .debug_info    0x0000128d      0x4d6 ./Src/main.o
 .debug_info    0x00001763       0x30 ./Startup/startup_stm32l476rgtx.o

.debug_abbrev   0x00000000      0x874
 .debug_abbrev  0x00000000      0x1a2 ./Src/ADC.o
 .debug_abbrev  0x000001a2      0x1a3 ./Src/Audio.o
 .debug_abbrev  0x00000345      0x13c ./Src/Buzzer.o
 .debug_abbrev  0x00000481       0xb5 ./Src/LED.o
 .debug_abbrev  0x00000536      0x105 ./Src/Systick_timer.o
 .debug_abbrev  0x0000063b      0x215 ./Src/main.o
 .debug_abbrev  0x00000850       0x24 ./Startup/startup_stm32l476rgtx.o

.debug_aranges  0x00000000      0x1a0
 .debug_aranges
                0x00000000       0x38 ./Src/ADC.o
 .debug_aranges
                0x00000038       0x48 ./Src/Audio.o
 .debug_aranges
                0x00000080       0x40 ./Src/Buzzer.o
 .debug_aranges
                0x000000c0       0x38 ./Src/LED.o
 .debug_aranges
                0x000000f8       0x30 ./Src/Systick_timer.o
 .debug_aranges
                0x00000128       0x50 ./Src/main.o
 .debug_aranges
                0x00000178       0x28 ./Startup/startup_stm32l476rgtx.o

.debug_rnglists
                0x00000000      0x11b
 .debug_rnglists
                0x00000000       0x27 ./Src/ADC.o
 .debug_rnglists
                0x00000027       0x33 ./Src/Audio.o
 .debug_rnglists
                0x0000005a       0x2b ./Src/Buzzer.o
 .debug_rnglists
                0x00000085       0x25 ./Src/LED.o
 .debug_rnglists
                0x000000aa       0x1f ./Src/Systick_timer.o
 .debug_rnglists
                0x000000c9       0x39 ./Src/main.o
 .debug_rnglists
                0x00000102       0x19 ./Startup/startup_stm32l476rgtx.o

.debug_macro    0x00000000    0x1c832
 .debug_macro   0x00000000       0xc9 ./Src/ADC.o
 .debug_macro   0x000000c9      0xade ./Src/ADC.o
 .debug_macro   0x00000ba7       0x28 ./Src/ADC.o
 .debug_macro   0x00000bcf       0x22 ./Src/ADC.o
 .debug_macro   0x00000bf1       0x8e ./Src/ADC.o
 .debug_macro   0x00000c7f       0x51 ./Src/ADC.o
 .debug_macro   0x00000cd0      0x103 ./Src/ADC.o
 .debug_macro   0x00000dd3       0x6a ./Src/ADC.o
 .debug_macro   0x00000e3d      0x1df ./Src/ADC.o
 .debug_macro   0x0000101c       0x1c ./Src/ADC.o
 .debug_macro   0x00001038       0x22 ./Src/ADC.o
 .debug_macro   0x0000105a       0xfb ./Src/ADC.o
 .debug_macro   0x00001155     0x1011 ./Src/ADC.o
 .debug_macro   0x00002166      0x11f ./Src/ADC.o
 .debug_macro   0x00002285    0x1a17a ./Src/ADC.o
 .debug_macro   0x0001c3ff       0xd3 ./Src/Audio.o
 .debug_macro   0x0001c4d2       0xc9 ./Src/Buzzer.o
 .debug_macro   0x0001c59b       0xc9 ./Src/LED.o
 .debug_macro   0x0001c664       0xdd ./Src/Systick_timer.o
 .debug_macro   0x0001c741       0xf1 ./Src/main.o

.debug_line     0x00000000     0x2688
 .debug_line    0x00000000      0x69b ./Src/ADC.o
 .debug_line    0x0000069b      0x67c ./Src/Audio.o
 .debug_line    0x00000d17      0x62f ./Src/Buzzer.o
 .debug_line    0x00001346      0x5c1 ./Src/LED.o
 .debug_line    0x00001907      0x5e4 ./Src/Systick_timer.o
 .debug_line    0x00001eeb      0x722 ./Src/main.o
 .debug_line    0x0000260d       0x7b ./Startup/startup_stm32l476rgtx.o

.debug_str      0x00000000    0x9e5d2
 .debug_str     0x00000000    0x9e5d2 ./Src/ADC.o
                              0x9e505 (size before relaxing)
 .debug_str     0x0009e5d2    0x9e49d ./Src/Audio.o
 .debug_str     0x0009e5d2    0x9e472 ./Src/Buzzer.o
 .debug_str     0x0009e5d2    0x9e42b ./Src/LED.o
 .debug_str     0x0009e5d2    0x9e2f6 ./Src/Systick_timer.o
 .debug_str     0x0009e5d2    0x9e565 ./Src/main.o
 .debug_str     0x0009e5d2       0x8f ./Startup/startup_stm32l476rgtx.o

.comment        0x00000000       0x43
 .comment       0x00000000       0x43 ./Src/ADC.o
                                 0x44 (size before relaxing)
 .comment       0x00000043       0x44 ./Src/Audio.o
 .comment       0x00000043       0x44 ./Src/Buzzer.o
 .comment       0x00000043       0x44 ./Src/LED.o
 .comment       0x00000043       0x44 ./Src/Systick_timer.o
 .comment       0x00000043       0x44 ./Src/main.o

.debug_frame    0x00000000      0x40c
 .debug_frame   0x00000000       0x98 ./Src/ADC.o
 .debug_frame   0x00000098       0xc8 ./Src/Audio.o
 .debug_frame   0x00000160       0xac ./Src/Buzzer.o
 .debug_frame   0x0000020c       0x80 ./Src/LED.o
 .debug_frame   0x0000028c       0x6c ./Src/Systick_timer.o
 .debug_frame   0x000002f8       0xe8 ./Src/main.o
 .debug_frame   0x000003e0       0x2c D:/SFSU/Engr478/STM32CubeIDE_2.1.1/STM32CubeIDE/plugins/com.st.stm32cube.ide.mcu.externaltools.gnu-tools-for-stm32.14.3.rel1.win32_1.0.100.202602081740/tools/bin/../lib/gcc/arm-none-eabi/14.3.1/../../../../arm-none-eabi/lib/thumb/v7e-m+fp/hard\libc_nano.a(libc_a-init.o)

.debug_line_str
                0x00000000       0x73
 .debug_line_str
                0x00000000       0x73 ./Startup/startup_stm32l476rgtx.o
